// Jest Snapshot v1, https://goo.gl/fbAQLP

exports[`COMPONENT - TransactionsTotal Should render TransactionsTotal correctly 1`] = `
<section
  className="total"
>
  <InfoBox
    data="583,07 â‚¬ / 1 826,36 PLN"
    description="Total (7 transactions)"
  />
</section>
`;
